VERSION: 1
LoomRoleFacets.java,6,25,Connection.LoomRoleFacets
LoomRoles.java,6,25,Connection.LoomRoles
html32.java,4,6520,Connection.html32
html32.java,6522,6527,Connection.JJhtml32Calls
Strings.java,6,40,Connection.Strings
LoomRole.java,6,27,Connection.LoomRole
html32Constants.java,4,182,Connection.html32Constants
NodeAttribute.java,3,28,Connection.NodeAttribute
ParseError.java,4,10,Connection.ParseError
ParseException.java,13,191,Connection.ParseException
Client.java,17,66,Connection.Client
NodePCDATA.java,3,14,Connection.NodePCDATA
HtmlFormElement.java,6,72,Connection.HtmlFormElement
Token.java,7,80,Connection.Token
ExpectAPI.java,15,661,Connection.ExpectAPI
JJThtml32State.java,4,122,Connection.JJThtml32State
QueryFrame.java,92,96,Connection.QueryFrame$SelectListener
QueryFrame.java,152,156,Connection.QueryFrame$1
QueryFrame.java,102,111,Connection.QueryFrame$CloseListener
QueryFrame.java,17,162,Connection.QueryFrame
LoomNames.java,6,25,Connection.LoomNames
SimpleNode.java,5,79,Connection.SimpleNode
html32TokenManager.java,5,1655,Connection.html32TokenManager
LoomName.java,6,31,Connection.LoomName
Node.java,10,35,Connection.Node
LoomRelations.java,6,25,Connection.LoomRelations
ExpectServer.java,20,331,Connection.ExpectServer
LoomContext.java,3,7,Connection.LoomContext
LoomConcept.java,6,20,Connection.LoomConcept
ASCII_CharStream.java,8,306,Connection.ASCII_CharStream
HtmlUtilAuth.java,7,90,Connection.HtmlUtilAuth
HtmlForm.java,5,109,Connection.HtmlForm
LoomRoleFacet.java,6,21,Connection.LoomRoleFacet
html32TreeConstants.java,5,149,Connection.html32TreeConstants
LoomContexts.java,6,25,Connection.LoomContexts
LoomConcepts.java,6,45,Connection.LoomConcepts
LoomRelation.java,6,20,Connection.LoomRelation
TokenMgrError.java,5,134,Connection.TokenMgrError
Base64.java,8,127,Connection.Base64
LoomCardinality.java,6,26,Connection.LoomCardinality
