VERSION: 1
conceptRenderer.java,183,193,xml2jtml.conceptRenderer$roleHandler
conceptRenderer.java,10,289,xml2jtml.conceptRenderer
conceptRenderer.java,278,288,xml2jtml.conceptRenderer$withCommonParentHandler
conceptRenderer.java,242,256,xml2jtml.conceptRenderer$conceptHandler
conceptRenderer.java,268,276,xml2jtml.conceptRenderer$relationHandler
conceptRenderer.java,169,181,xml2jtml.conceptRenderer$siblingsHandler
conceptRenderer.java,107,121,xml2jtml.conceptRenderer$conceptDescriptionHandler
conceptRenderer.java,156,167,xml2jtml.conceptRenderer$superConceptsHandler
conceptRenderer.java,123,132,xml2jtml.conceptRenderer$definitionHandler
conceptRenderer.java,212,225,xml2jtml.conceptRenderer$directInstancesHandler
conceptRenderer.java,227,240,xml2jtml.conceptRenderer$nonDirectInstancesHandler
conceptRenderer.java,143,154,xml2jtml.conceptRenderer$subConceptsHandler
conceptRenderer.java,195,210,xml2jtml.conceptRenderer$instancesHandler
conceptRenderer.java,76,105,xml2jtml.conceptRenderer$NSElementCopier
conceptRenderer.java,134,141,xml2jtml.conceptRenderer$documentationHandler
conceptRenderer.java,258,266,xml2jtml.conceptRenderer$instanceHandler
relationRenderer.java,199,207,xml2jtml.relationRenderer$instanceHandler
relationRenderer.java,101,115,xml2jtml.relationRenderer$relationDescriptionHandler
relationRenderer.java,189,197,xml2jtml.relationRenderer$conceptHandler
relationRenderer.java,117,126,xml2jtml.relationRenderer$definitionHandler
relationRenderer.java,10,226,xml2jtml.relationRenderer
relationRenderer.java,70,99,xml2jtml.relationRenderer$NSElementCopier
relationRenderer.java,137,148,xml2jtml.relationRenderer$subRelationsHandler
relationRenderer.java,163,175,xml2jtml.relationRenderer$siblingsHandler
relationRenderer.java,128,135,xml2jtml.relationRenderer$documentationHandler
relationRenderer.java,177,187,xml2jtml.relationRenderer$roleHandler
relationRenderer.java,150,161,xml2jtml.relationRenderer$superRelationsHandler
relationRenderer.java,209,223,xml2jtml.relationRenderer$relationHandler
instanceDefRenderer.java,9,83,xml2jtml.instanceDefRenderer
instanceDefRenderer.java,75,81,xml2jtml.instanceDefRenderer$nameHandler
instanceDefRenderer.java,58,65,xml2jtml.instanceDefRenderer$definitionHandler
instanceDefRenderer.java,30,49,xml2jtml.instanceDefRenderer$NSElementCopier
instanceDefRenderer.java,67,72,xml2jtml.instanceDefRenderer$documentationHandler
instanceDefRenderer.java,51,56,xml2jtml.instanceDefRenderer$instanceDescriptionHandler
methodRenderer.java,171,189,xml2jtml.methodRenderer$methodDescHandler
methodRenderer.java,406,418,xml2jtml.methodRenderer$subMetHandler
methodRenderer.java,357,362,xml2jtml.methodRenderer$passiveActionHandler
methodRenderer.java,314,328,xml2jtml.methodRenderer$tagTHandler
methodRenderer.java,385,390,xml2jtml.methodRenderer$expressionHandler
methodRenderer.java,439,456,xml2jtml.methodRenderer$RefEXNHandler
methodRenderer.java,392,404,xml2jtml.methodRenderer$superMHandler
methodRenderer.java,458,470,xml2jtml.methodRenderer$RefAGIHandler
methodRenderer.java,211,221,xml2jtml.methodRenderer$varGoalArgumentHandler
methodRenderer.java,301,308,xml2jtml.methodRenderer$methodGoalArgumentHandler
methodRenderer.java,500,507,xml2jtml.methodRenderer$methodHandler
methodRenderer.java,364,371,xml2jtml.methodRenderer$goalFormHandler
methodRenderer.java,293,299,xml2jtml.methodRenderer$variableNameHandler
methodRenderer.java,509,518,xml2jtml.methodRenderer$metBodyHandler
methodRenderer.java,330,341,xml2jtml.methodRenderer$edtHandler
methodRenderer.java,112,169,xml2jtml.methodRenderer$NSElementCopier
methodRenderer.java,420,437,xml2jtml.methodRenderer$RefPSNHandler
methodRenderer.java,472,484,xml2jtml.methodRenderer$RefGRPHandler
methodRenderer.java,486,498,xml2jtml.methodRenderer$RefMACHandler
methodRenderer.java,223,230,xml2jtml.methodRenderer$varGoalFormHandler
methodRenderer.java,373,383,xml2jtml.methodRenderer$goalParameterHandler
methodRenderer.java,251,273,xml2jtml.methodRenderer$conceptNameHandler
methodRenderer.java,191,200,xml2jtml.methodRenderer$nlDescHandler
methodRenderer.java,284,291,xml2jtml.methodRenderer$instanceNameHandler
methodRenderer.java,202,209,xml2jtml.methodRenderer$methodGoalHandler
methodRenderer.java,343,351,xml2jtml.methodRenderer$methodResultHandler
methodRenderer.java,242,249,xml2jtml.methodRenderer$parameterNameHandler
methodRenderer.java,232,240,xml2jtml.methodRenderer$goalNameHandler
methodRenderer.java,10,520,xml2jtml.methodRenderer
methodRenderer.java,275,282,xml2jtml.methodRenderer$relationNameHandler
searchResultRenderer.java,10,132,xml2jtml.searchResultRenderer
searchResultRenderer.java,56,74,xml2jtml.searchResultRenderer$NSElementCopier
searchResultRenderer.java,99,109,xml2jtml.searchResultRenderer$instanceHandler
searchResultRenderer.java,110,120,xml2jtml.searchResultRenderer$relationHandler
searchResultRenderer.java,76,86,xml2jtml.searchResultRenderer$searchResultsHandler
searchResultRenderer.java,88,98,xml2jtml.searchResultRenderer$methodHandler
searchResultRenderer.java,121,131,xml2jtml.searchResultRenderer$conceptHandler
tboxDefRenderer.java,32,58,xml2jtml.tboxDefRenderer$NSElementCopier
tboxDefRenderer.java,60,65,xml2jtml.tboxDefRenderer$vanillaHandler
tboxDefRenderer.java,67,74,xml2jtml.tboxDefRenderer$definitionHandler
tboxDefRenderer.java,76,82,xml2jtml.tboxDefRenderer$nameHandler
tboxDefRenderer.java,9,84,xml2jtml.tboxDefRenderer
KBListParser.java,10,59,xml2jtml.KBListParser
KBListParser.java,43,57,xml2jtml.KBListParser$KBHandler
renderer.java,9,71,xml2jtml.renderer
methodDefRenderer.java,227,237,xml2jtml.methodDefRenderer$metBodyHandler
methodDefRenderer.java,76,81,xml2jtml.methodDefRenderer$passiveHandler
methodDefRenderer.java,146,160,xml2jtml.methodDefRenderer$tagTHandler
methodDefRenderer.java,122,129,xml2jtml.methodDefRenderer$NameHandler
methodDefRenderer.java,174,188,xml2jtml.methodDefRenderer$goalFormHandler
methodDefRenderer.java,99,106,xml2jtml.methodDefRenderer$goalNameHandler
methodDefRenderer.java,52,70,xml2jtml.methodDefRenderer$NSElementCopier
methodDefRenderer.java,162,171,xml2jtml.methodDefRenderer$complexDataHandler
methodDefRenderer.java,131,140,xml2jtml.methodDefRenderer$methodGoalArgumentHandler
methodDefRenderer.java,10,240,xml2jtml.methodDefRenderer
methodDefRenderer.java,83,97,xml2jtml.methodDefRenderer$roleExpressionHandler
methodDefRenderer.java,216,225,xml2jtml.methodDefRenderer$methodResultHandler
methodDefRenderer.java,205,214,xml2jtml.methodDefRenderer$methodGoalHandler
methodDefRenderer.java,190,203,xml2jtml.methodDefRenderer$methodDescHandler
methodDefRenderer.java,108,120,xml2jtml.methodDefRenderer$parameterNameHandler
PSNodeRenderer.java,141,151,xml2jtml.PSNodeRenderer$nExpExpressionHandler
PSNodeRenderer.java,76,107,xml2jtml.PSNodeRenderer$NSElementCopier
PSNodeRenderer.java,230,241,xml2jtml.PSNodeRenderer$failedAnodesHandler
PSNodeRenderer.java,204,215,xml2jtml.PSNodeRenderer$currentANodeHandler
PSNodeRenderer.java,191,202,xml2jtml.PSNodeRenderer$originatingMethodsHandler
PSNodeRenderer.java,10,282,xml2jtml.PSNodeRenderer
PSNodeRenderer.java,217,228,xml2jtml.PSNodeRenderer$prefNotTriedHandler
PSNodeRenderer.java,109,119,xml2jtml.PSNodeRenderer$psnodeDescriptionHandler
PSNodeRenderer.java,178,189,xml2jtml.PSNodeRenderer$ChildPSNHandler
PSNodeRenderer.java,273,281,xml2jtml.PSNodeRenderer$psnodeHandler
PSNodeRenderer.java,153,163,xml2jtml.PSNodeRenderer$nodeResultHandler
PSNodeRenderer.java,132,139,xml2jtml.PSNodeRenderer$nSubExpressionHandler
PSNodeRenderer.java,121,130,xml2jtml.PSNodeRenderer$nExpressionHandler
PSNodeRenderer.java,253,261,xml2jtml.PSNodeRenderer$instanceHandler
PSNodeRenderer.java,263,271,xml2jtml.PSNodeRenderer$relationHandler
PSNodeRenderer.java,165,176,xml2jtml.PSNodeRenderer$ParentPSNHandler
PSNodeRenderer.java,243,251,xml2jtml.PSNodeRenderer$conceptHandler
KBSummaryRenderer.java,111,118,xml2jtml.KBSummaryRenderer$nConceptsHandler
KBSummaryRenderer.java,102,109,xml2jtml.KBSummaryRenderer$nRelationsHandler
KBSummaryRenderer.java,94,101,xml2jtml.KBSummaryRenderer$nInstancesHandler
KBSummaryRenderer.java,76,84,xml2jtml.KBSummaryRenderer$kbReportHandler
KBSummaryRenderer.java,86,93,xml2jtml.KBSummaryRenderer$nMethodsHandler
KBSummaryRenderer.java,10,119,xml2jtml.KBSummaryRenderer
KBSummaryRenderer.java,56,74,xml2jtml.KBSummaryRenderer$NSElementCopier
agendaItemRenderer.java,127,136,xml2jtml.agendaItemRenderer$ItemReferencingElementHandler
agendaItemRenderer.java,204,212,xml2jtml.agendaItemRenderer$relationHandler
agendaItemRenderer.java,194,202,xml2jtml.agendaItemRenderer$instanceHandler
agendaItemRenderer.java,234,242,xml2jtml.agendaItemRenderer$exenodeHandler
agendaItemRenderer.java,70,98,xml2jtml.agendaItemRenderer$NSElementCopier
agendaItemRenderer.java,116,125,xml2jtml.agendaItemRenderer$TextDescriptionHandler
agendaItemRenderer.java,138,147,xml2jtml.agendaItemRenderer$ExpectErrorTypeHandler
agendaItemRenderer.java,149,158,xml2jtml.agendaItemRenderer$SourceHandler
agendaItemRenderer.java,100,114,xml2jtml.agendaItemRenderer$agendaItemDescriptionHandler
agendaItemRenderer.java,214,222,xml2jtml.agendaItemRenderer$methodHandler
agendaItemRenderer.java,171,182,xml2jtml.agendaItemRenderer$ErrorCausesHandler
agendaItemRenderer.java,184,192,xml2jtml.agendaItemRenderer$conceptHandler
agendaItemRenderer.java,10,244,xml2jtml.agendaItemRenderer
agendaItemRenderer.java,160,169,xml2jtml.agendaItemRenderer$ProblemNodeHandler
agendaItemRenderer.java,224,232,xml2jtml.agendaItemRenderer$psnodeHandler
instanceRenderer.java,69,98,xml2jtml.instanceRenderer$NSElementCopier
instanceRenderer.java,125,136,xml2jtml.instanceRenderer$InstanceTypesHandler
instanceRenderer.java,100,114,xml2jtml.instanceRenderer$instanceDescriptionHandler
instanceRenderer.java,164,175,xml2jtml.instanceRenderer$DirectTypesHandler
instanceRenderer.java,138,149,xml2jtml.instanceRenderer$BaseTypeHandler
instanceRenderer.java,10,240,xml2jtml.instanceRenderer
instanceRenderer.java,116,123,xml2jtml.instanceRenderer$documentationHandler
instanceRenderer.java,226,239,xml2jtml.instanceRenderer$relationHandler
instanceRenderer.java,177,187,xml2jtml.instanceRenderer$InstanceRolesHandler
instanceRenderer.java,151,162,xml2jtml.instanceRenderer$AssertedTypesHandler
instanceRenderer.java,210,224,xml2jtml.instanceRenderer$instanceHandler
instanceRenderer.java,200,208,xml2jtml.instanceRenderer$conceptHandler
instanceRenderer.java,189,198,xml2jtml.instanceRenderer$DetailedRoleHandler
